<html>
<body>
<pre>
<h1>µVision Build Log</h1>
<h2>Project:</h2>
C:\Users\Alvin Phan\Desktop\Lab2\ADCSWTrigger.uvproj
Project File Date:  09/17/2015

<h2>Output:</h2>
Build target 'ADCSWTrigger'
compiling ADCSWTrigger.c...
compiling ADCTestMain.c...
compiling PLL.c...
linking...
Program Size: Code=1680 RO-data=32 RW-data=4 ZI-data=1124  
".\ADCSWTrigger.axf" - 0 Error(s), 0 Warning(s).
nings, 1 error
compiling ADCTestMain.c...
ADCTestMain.c(30): error:  #5: cannot open source input file "../inc/tm4c123gh6pm.h": No such file or directory
  #include "../inc/tm4c123gh6pm.h"
ADCTestMain.c: 0 warnings, 1 error
compiling PLL.c...
PLL.c(26): error:  #5: cannot open source input file "../inc/tm4c123gh6pm.h": No such file or directory
  #include "../inc/tm4c123gh6pm.h"
PLL.c: 0 warnings, 1 error
".\ADCSWTrigger.axf" - 3 Error(s), 0 Warning(s).
Target not created
s).
Target not created
